[2026-05-15T07:10:48.968Z] POST /api/orders/upload
Error: CORS Policy Error
    at origin (G:\react\drawing\Backend\server.js:28:21)
    at G:\react\drawing\Backend\node_modules\cors\lib\index.js:219:13
    at optionsCallback (G:\react\drawing\Backend\node_modules\cors\lib\index.js:199:9)
    at corsMiddleware (G:\react\drawing\Backend\node_modules\cors\lib\index.js:204:7)
    at Layer.handle [as handle_request] (G:\react\drawing\Backend\node_modules\express\lib\router\layer.js:95:5)
    at trim_prefix (G:\react\drawing\Backend\node_modules\express\lib\router\index.js:328:13)
    at G:\react\drawing\Backend\node_modules\express\lib\router\index.js:286:9
    at Function.process_params (G:\react\drawing\Backend\node_modules\express\lib\router\index.js:346:12)
    at next (G:\react\drawing\Backend\node_modules\express\lib\router\index.js:280:10)
    at expressInit (G:\react\drawing\Backend\node_modules\express\lib\middleware\init.js:40:5)

[2026-05-15T07:10:48.998Z] POST /api/orders
Error: CORS Policy Error
    at origin (G:\react\drawing\Backend\server.js:28:21)
    at G:\react\drawing\Backend\node_modules\cors\lib\index.js:219:13
    at optionsCallback (G:\react\drawing\Backend\node_modules\cors\lib\index.js:199:9)
    at corsMiddleware (G:\react\drawing\Backend\node_modules\cors\lib\index.js:204:7)
    at Layer.handle [as handle_request] (G:\react\drawing\Backend\node_modules\express\lib\router\layer.js:95:5)
    at trim_prefix (G:\react\drawing\Backend\node_modules\express\lib\router\index.js:328:13)
    at G:\react\drawing\Backend\node_modules\express\lib\router\index.js:286:9
    at Function.process_params (G:\react\drawing\Backend\node_modules\express\lib\router\index.js:346:12)
    at next (G:\react\drawing\Backend\node_modules\express\lib\router\index.js:280:10)
    at expressInit (G:\react\drawing\Backend\node_modules\express\lib\middleware\init.js:40:5)

